[     647ms] [ERROR] Failed to load resource: the server responded with a status of 404 (File not found) @ http://localhost:8934/favicon.ico:0
[   46946ms] [ERROR] TypeError: Cannot read properties of undefined (reading 'props')
    at Proxy.sentry (https://assets.lemonsqueezy.com/88363f86de7338d1afd04809793c9898ef4e2093/build/assets/app-BVtwaTMu.js:82:152739)
    at xn.fn (https://assets.lemonsqueezy.com/88363f86de7338d1afd04809793c9898ef4e2093/build/assets/useCheckoutState-BPHjrBAq.js:9:9413)
    at xn.run (https://assets.lemonsqueezy.com/88363f86de7338d1afd04809793c9898ef4e2093/build/assets/useCheckoutState-BPHjrBAq.js:9:1517)
    at get value (https://assets.lemonsqueezy.com/88363f86de7338d1afd04809793c9898ef4e2093/build/assets/useCheckoutState-BPHjrBAq.js:9:9658)
    at Object.get [as sentry] (https://assets.lemonsqueezy.com/88363f86de7338d1afd04809793c9898ef4e2093/build/assets/useCheckoutState-BPHjrBAq.js:16:26276)
    at Object.get (https://assets.lemonsqueezy.com/88363f86de7338d1afd04809793c9898ef4e2093/build/assets/useCheckoutState-BPHjrBAq.js:16:23775)
    at i (https://assets.lemonsqueezy.com/88363f86de7338d1afd04809793c9898ef4e2093/build/assets/useCheckoutState-BPHjrBAq.js:16:27238)
    at Ot (https://assets.lemonsqueezy.com/88363f86de7338d1afd04809793c9898ef4e2093/build/assets/useCheckoutState-BPHjrBAq.js:16:1997)
    at xn.f [as fn] (https://assets.lemonsqueezy.com/88363f86de7338d1afd04809793c9898ef4e2093/build/assets/useCheckoutState-BPHjrBAq.js:16:12771)
    at xn.run (https://assets.lemonsqueezy.com/88363f86de7338d1afd04809793c9898ef4e2093/build/assets/useCheckoutState-BPHjrBAq.js:9:1517)
    at Vn (https://assets.lemonsqueezy.com/88363f86de7338d1afd04809793c9898ef4e2093/build/assets/useCheckoutState-BPHjrBAq.js:16:13468)
    at gn (https://assets.lemonsqueezy.com/88363f86de7338d1afd04809793c9898ef4e2093/build/assets/useCheckoutState-BPHjrBAq.js:16:12381)
    at nf (https://assets.lemonsqueezy.com/88363f86de7338d1afd04809793c9898ef4e2093/build/assets/useCheckoutState-BPHjrBAq.js:16:27292)
    at qp (https://assets.lemonsqueezy.com/88363f86de7338d1afd04809793c9898ef4e2093/build/assets/useCheckoutState-BPHjrBAq.js:16:26326)
    at Ef (https://assets.lemonsqueezy.com/88363f86de7338d1afd04809793c9898ef4e2093/build/assets/useCheckoutState-BPHjrBAq.js:24:18727)
    at gg (https://assets.lemonsqueezy.com/88363f86de7338d1afd04809793c9898ef4e2093/build/assets/useCheckoutState-BPHjrBAq.js:24:18176)
    at Pf (https://assets.lemonsqueezy.com/88363f86de7338d1afd04809793c9898ef4e2093/build/assets/useCheckoutState-BPHjrBAq.js:24:17810)
    at U (https://assets.lemonsqueezy.com/88363f86de7338d1afd04809793c9898ef4e2093/build/assets/useCheckoutState-BPHjrBAq.js:24:4307)
    at C (https://assets.lemonsqueezy.com/88363f86de7338d1afd04809793c9898ef4e2093/build/assets/useCheckoutState-BPHjrBAq.js:24:4200)
    at y (https://assets.lemonsqueezy.com/88363f86de7338d1afd04809793c9898ef4e2093/build/assets/useCheckoutState-BPHjrBAq.js:24:1156)
    at Qa (https://assets.lemonsqueezy.com/88363f86de7338d1afd04809793c9898ef4e2093/build/assets/useCheckoutState-BPHjrBAq.js:24:9378)
    at mount (https://assets.lemonsqueezy.com/88363f86de7338d1afd04809793c9898ef4e2093/build/assets/useCheckoutState-BPHjrBAq.js:16:29763)
    at RA.t.mount (https://assets.lemonsqueezy.com/88363f86de7338d1afd04809793c9898ef4e2093/build/assets/useCheckoutState-BPHjrBAq.js:28:18199)
    at setup (https://assets.lemonsqueezy.com/88363f86de7338d1afd04809793c9898ef4e2093/build/assets/app-BVtwaTMu.js:82:152945)
    at https://assets.lemonsqueezy.com/88363f86de7338d1afd04809793c9898ef4e2093/build/assets/useCheckoutState-BPHjrBAq.js:104:15458
    at async LA (https://assets.lemonsqueezy.com/88363f86de7338d1afd04809793c9898ef4e2093/build/assets/useCheckoutState-BPHjrBAq.js:104:15290) @ https://assets.lemonsqueezy.com/88363f86de7338d1afd04809793c9898ef4e2093/build/assets/app-BVtwaTMu.js:67
[   47327ms] [ERROR] Failed to load resource: the server responded with a status of 403 () @ https://o4505075539902464.ingest.us.sentry.io/api/4505076398489600/envelope/?sentry_version=7&sentry_key=9b4670a486538110e9a1969dbceb8446&sentry_client=sentry.javascript.vue%2F10.32.1:0
[   47327ms] [ERROR] Failed to load resource: the server responded with a status of 403 () @ https://o4505075539902464.ingest.us.sentry.io/api/4505076398489600/envelope/?sentry_version=7&sentry_key=9b4670a486538110e9a1969dbceb8446&sentry_client=sentry.javascript.vue%2F10.32.1:0
[   47327ms] [ERROR] Failed to load resource: the server responded with a status of 403 () @ https://o4505075539902464.ingest.us.sentry.io/api/4505076398489600/envelope/?sentry_version=7&sentry_key=9b4670a486538110e9a1969dbceb8446&sentry_client=sentry.javascript.vue%2F10.32.1:0
[   48279ms] [ERROR] Failed to load resource: the server responded with a status of 401 () @ https://auth.lemonsqueezy.com/user?cart=8f8a639b-00df-4223-9778-dd8cbcdcb5cd:0
[   48556ms] [WARNING] [Stripe.js] The following payment method types are not activated:

- cashapp

They will be displayed in test mode, but hidden in live mode. Please activate the payment method types in your dashboard (https://dashboard.stripe.com/settings/payment_methods) and ensure your account is enabled for any preview features that you are trying to use. @ https://js.stripe.com/v3/fingerprinted/js/controller-with-preconnect-3c25ed05429e6ba382b1167b31efd222.js:0
[   48637ms] [WARNING] [Stripe.js] You have not registered or verified the domain, so the following payment methods are not enabled in the Payment Element: 

- apple_pay

Please follow https://stripe.com/docs/payments/payment-methods/pmd-registration to register and verify the domain. @ https://js.stripe.com/v3/fingerprinted/js/controller-with-preconnect-3c25ed05429e6ba382b1167b31efd222.js:0
[   49030ms] [ERROR] Failed to load resource: the server responded with a status of 403 () @ https://stonespacebrowser.lemonsqueezy.com/checkout/paypal/subscription/plan?cart=8f8a639b-00df-4223-9778-dd8cbcdcb5cd:0
[   49031ms] [ERROR] {} @ https://assets.lemonsqueezy.com/88363f86de7338d1afd04809793c9898ef4e2093/build/assets/app-BVtwaTMu.js:67
[   51085ms] [ERROR] Failed to load resource: the server responded with a status of 403 () @ https://o4505075539902464.ingest.us.sentry.io/api/4505076398489600/envelope/?sentry_version=7&sentry_key=9b4670a486538110e9a1969dbceb8446&sentry_client=sentry.javascript.vue%2F10.32.1:0
