[POST] https://stonespacebrowser.lemonsqueezy.com/cdn-cgi/rum? => [204] 
[POST] https://stonespacebrowser.lemonsqueezy.com/cdn-cgi/challenge-platform/h/b/jsd/oneshot/8eb6d5cd556e/0.4175872675321892:1786309226:cZ5iGc39MiDJMtJQ_diDhhkyXXpsDt1SbSK2d7jDhps/a28a1022be9e2ae4 => [200] 
[POST] https://o4505075539902464.ingest.us.sentry.io/api/4505076398489600/envelope/?sentry_version=7&sentry_key=9b4670a486538110e9a1969dbceb8446&sentry_client=sentry.javascript.vue%2F10.32.1 => [403] 
[POST] https://o4505075539902464.ingest.us.sentry.io/api/4505076398489600/envelope/?sentry_version=7&sentry_key=9b4670a486538110e9a1969dbceb8446&sentry_client=sentry.javascript.vue%2F10.32.1 => [403] 
[POST] https://o4505075539902464.ingest.us.sentry.io/api/4505076398489600/envelope/?sentry_version=7&sentry_key=9b4670a486538110e9a1969dbceb8446&sentry_client=sentry.javascript.vue%2F10.32.1 => [403] 
[POST] https://app.lemonsqueezy.com/cdn-cgi/rum? => [204] 
[GET] https://auth.lemonsqueezy.com/user?cart=8f8a639b-00df-4223-9778-dd8cbcdcb5cd => [401] 
[POST] https://stonespacebrowser.lemonsqueezy.com/checkout/track?cart=8f8a639b-00df-4223-9778-dd8cbcdcb5cd => [200] 
[GET] https://js.stripe.com/v3/.deploy_status_henson.json => [200] 
[GET] https://js.stripe.com/v3/.deploy_status_henson.json => [200] 
[GET] https://js.stripe.com/v3/.deploy_status_henson.json => [200] 
[GET] https://api.stripe.com/v1/elements/sessions?deferred_intent[mode]=subscription&deferred_intent[amount]=0&deferred_intent[currency]=usd&deferred_intent[setup_future_usage]=off_session&currency=usd&key=pk_test_51LIWKuFUZe5voGsYS7XxzIWsdohD9gXk2MxEJsl5tYfA8ldN8DIe1pOKpVxYv8OELm8Qkeumxn7PGAwcaVF286PE00hcH9m4ZE&elements_init_source=stripe.elements&referrer_host=stonespacebrowser.lemonsqueezy.com&stripe_js_id=ad435a2e-66bd-4700-bfc2-f3abfc34e1fd&locale=en&type=deferred_intent => [200] 
[GET] https://merchant-ui-api.stripe.com/link/get-cookie?referrer_host=stonespacebrowser.lemonsqueezy.com => [200] 
[POST] https://r.stripe.com/b => [200] 
[POST] https://r.stripe.com/b => [200] 
[POST] https://r.stripe.com/b => [200] 
[POST] https://r.stripe.com/b => [200] 
[POST] https://r.stripe.com/b => [200] 
[POST] https://stonespacebrowser.lemonsqueezy.com/checkout/paypal/subscription/plan?cart=8f8a639b-00df-4223-9778-dd8cbcdcb5cd => [403] 
[POST] https://api.stripe.com/v1/consumers/sessions/lookup
[POST] https://r.stripe.com/b => [200] 
[POST] https://r.stripe.com/b => [200] 
[GET] https://pay.google.com/gp/p/ui/pay => [200] 
[POST] https://r.stripe.com/b => [200] 
[POST] https://r.stripe.com/b => [200] 
[POST] https://r.stripe.com/b => [200] 
[POST] https://r.stripe.com/b => [200] 
[POST] https://m.stripe.com/6
[GET] https://js.stripe.com/v3/.deploy_status_henson.json => [200] 
[POST] https://play.google.com/log?format=json&hasfast=true&authuser=0
[POST] https://play.google.com/log?format=json&hasfast=true&authuser=0
[POST] https://play.google.com/log?format=json&hasfast=true&authuser=0
[POST] https://play.google.com/log?format=json&hasfast=true&authuser=0
[POST] https://play.google.com/log?format=json&hasfast=true&authuser=0
[POST] https://play.google.com/log?format=json&hasfast=true&authuser=0
[POST] https://play.google.com/log?format=json&hasfast=true&authuser=0
[POST] https://play.google.com/log?format=json&hasfast=true&authuser=0
[POST] https://r.stripe.com/b => [200] 
[POST] https://r.stripe.com/b => [200] 
[POST] https://r.stripe.com/b => [200] 
[GET] https://b.stripecdn.com/stripethirdparty-srv/assets/v33.6/HCaptchaInvisible.html?id=50e4c278-6d77-42f1-aa0f-7f5a03679077&origin=https%3A%2F%2Fjs.stripe.com
[GET] https://www.paypal.com/sdk/js?client-id=AcA9vEmkgk0RP9C6FpKgNAk4veylcU7zebOrslP8ZLfKW9AGJAXWDnQFc3jGvFPc6-9c-P321STV6B2u&disable-funding=card,credit&vault=true&intent=subscription
[GET] https://js.stripe.com/v3/f3dc2cc4a9a363346e70ac6944dce95c.woff2
[GET] https://js.stripe.com/v3/.deploy_status_henson.json
[GET] https://www.gstatic.com/instantbuy/svg/transparent_square.svg
[POST] https://r.stripe.com/b