[POST] https://stonespacebrowser.lemonsqueezy.com/cdn-cgi/rum? => [204] 
[POST] https://stonespacebrowser.lemonsqueezy.com/cdn-cgi/challenge-platform/h/b/jsd/oneshot/8eb6d5cd556e/0.4175872675321892:1786309226:cZ5iGc39MiDJMtJQ_diDhhkyXXpsDt1SbSK2d7jDhps/a28a1022be9e2ae4 => [200] 
[POST] https://o4505075539902464.ingest.us.sentry.io/api/4505076398489600/envelope/?sentry_version=7&sentry_key=9b4670a486538110e9a1969dbceb8446&sentry_client=sentry.javascript.vue%2F10.32.1 => [403] 
[POST] https://o4505075539902464.ingest.us.sentry.io/api/4505076398489600/envelope/?sentry_version=7&sentry_key=9b4670a486538110e9a1969dbceb8446&sentry_client=sentry.javascript.vue%2F10.32.1 => [403] 
[POST] https://o4505075539902464.ingest.us.sentry.io/api/4505076398489600/envelope/?sentry_version=7&sentry_key=9b4670a486538110e9a1969dbceb8446&sentry_client=sentry.javascript.vue%2F10.32.1 => [403] 
[POST] https://app.lemonsqueezy.com/cdn-cgi/rum? => [204] 
[GET] https://auth.lemonsqueezy.com/user?cart=8f8a639b-00df-4223-9778-dd8cbcdcb5cd => [401] 
[POST] https://stonespacebrowser.lemonsqueezy.com/checkout/track?cart=8f8a639b-00df-4223-9778-dd8cbcdcb5cd => [200] 
[GET] https://js.stripe.com/v3/.deploy_status_henson.json => [200] 
[GET] https://js.stripe.com/v3/.deploy_status_henson.json => [200] 
[GET] https://js.stripe.com/v3/.deploy_status_henson.json => [200] 
[GET] https://api.stripe.com/v1/elements/sessions?deferred_intent[mode]=subscription&deferred_intent[amount]=0&deferred_intent[currency]=usd&deferred_intent[setup_future_usage]=off_session&currency=usd&key=pk_test_51LIWKuFUZe5voGsYS7XxzIWsdohD9gXk2MxEJsl5tYfA8ldN8DIe1pOKpVxYv8OELm8Qkeumxn7PGAwcaVF286PE00hcH9m4ZE&elements_init_source=stripe.elements&referrer_host=stonespacebrowser.lemonsqueezy.com&stripe_js_id=ad435a2e-66bd-4700-bfc2-f3abfc34e1fd&locale=en&type=deferred_intent => [200] 
[GET] https://merchant-ui-api.stripe.com/link/get-cookie?referrer_host=stonespacebrowser.lemonsqueezy.com => [200] 
[POST] https://r.stripe.com/b => [200] 
[POST] https://r.stripe.com/b => [200] 
[POST] https://r.stripe.com/b => [200] 
[POST] https://r.stripe.com/b => [200] 
[POST] https://r.stripe.com/b => [200] 
[POST] https://stonespacebrowser.lemonsqueezy.com/checkout/paypal/subscription/plan?cart=8f8a639b-00df-4223-9778-dd8cbcdcb5cd => [403] 
[POST] https://api.stripe.com/v1/consumers/sessions/lookup => [200] 
[POST] https://r.stripe.com/b => [200] 
[POST] https://r.stripe.com/b => [200] 
[GET] https://pay.google.com/gp/p/ui/pay => [200] 
[POST] https://r.stripe.com/b => [200] 
[POST] https://r.stripe.com/b => [200] 
[POST] https://r.stripe.com/b => [200] 
[POST] https://r.stripe.com/b => [200] 
[POST] https://m.stripe.com/6 => [200] 
[GET] https://js.stripe.com/v3/.deploy_status_henson.json => [200] 
[POST] https://play.google.com/log?format=json&hasfast=true&authuser=0 => [200] 
[POST] https://play.google.com/log?format=json&hasfast=true&authuser=0 => [200] 
[POST] https://play.google.com/log?format=json&hasfast=true&authuser=0 => [200] 
[POST] https://play.google.com/log?format=json&hasfast=true&authuser=0 => [200] 
[POST] https://play.google.com/log?format=json&hasfast=true&authuser=0 => [200] 
[POST] https://play.google.com/log?format=json&hasfast=true&authuser=0 => [200] 
[POST] https://play.google.com/log?format=json&hasfast=true&authuser=0 => [200] 
[POST] https://play.google.com/log?format=json&hasfast=true&authuser=0 => [200] 
[POST] https://r.stripe.com/b => [200] 
[POST] https://r.stripe.com/b => [200] 
[POST] https://r.stripe.com/b => [200] 
[GET] https://js.stripe.com/v3/.deploy_status_henson.json => [200] 
[POST] https://r.stripe.com/b => [200] 
[GET] https://js.stripe.com/v3/.deploy_status_henson.json => [200] 
[POST] https://m.stripe.com/6 => [200] 
[POST] https://m.stripe.com/6 => [200] 
[POST] https://play.google.com/log?format=json&hasfast=true&authuser=0 => [200] 
[POST] https://r.stripe.com/b => [200] 
[POST] https://r.stripe.com/b => [200] 
[POST] https://r.stripe.com/b => [200] 
[POST] https://r.stripe.com/b => [200] 
[GET] https://0e6edfb6b728.w.hcaptcha.com/logo.png => [200] OK
[POST] https://www.paypal.com/xoplatform/logger/api/logger?disableSetCookie=true => [200] 
[POST] https://r.stripe.com/b => [200] 
[GET] https://4b4b57f5517d.w.hcaptcha.com/logo.png => [200] OK
[POST] https://api.hcaptcha.com/checksiteconfig?v=40655446f87c28f63a7a2734a7d0c025500e8f91&host=b.stripecdn.com&sitekey=20000000-ffff-ffff-ffff-000000000002&sc=1&swa=1&spst=1 => [200] 
[POST] https://api.hcaptcha.com/getcaptcha/20000000-ffff-ffff-ffff-000000000002 => [200] 
[POST] https://r.stripe.com/b => [200] 
[POST] https://r.stripe.com/b => [200] 
[POST] https://r.stripe.com/b => [200] 
[POST] https://r.stripe.com/b => [200] 
[POST] https://www.paypal.com/xoplatform/logger/api/logger?disableSetCookie=true => [200] 
[GET] https://4b4b57f5517d.w.hcaptcha.com/logo.png => [200] OK
[POST] https://o4505075539902464.ingest.us.sentry.io/api/4505076398489600/envelope/?sentry_version=7&sentry_key=9b4670a486538110e9a1969dbceb8446&sentry_client=sentry.javascript.vue%2F10.32.1 => [403] 
[POST] https://r.stripe.com/b => [200] 
[POST] https://r.stripe.com/b => [200] 
[POST] https://r.stripe.com/b => [200] 
[POST] https://r.stripe.com/b => [200] 
[POST] https://r.stripe.com/b => [200] 
[POST] https://r.stripe.com/b => [200] 